# InnDB

> InnDB是将表存储到磁盘的存储引擎，而数据的处理发生在内存中。当从表中获取数据时，InnoDB将数据划分为若干页，以页作为磁盘和内存之间交换的基本单位，InnDB中页的大小一般为16KB。

## 行格式

我们是以记录为单位向表中插入数据的，这些记录在磁盘上的存放方式被称为**行格式**或**记录格式**，目前InnoDB中设计了4种行格式，`Compact`、`Redundant`、`Dynamic`和`Compressed`。

指定行格式语法

```mysql
CREATE TABLE 表名 (列的信息) ROW_FORMAT=行格式名称
    
ALTER TABLE 表名 ROW_FORMAT=行格式名称
```

```mysql
mysql> CREATE TABLE record_format_demo (
    ->     c1 VARCHAR(10),
    ->     c2 VARCHAR(10) NOT NULL,
    ->     c3 CHAR(10),
    ->     c4 VARCHAR(10)
    -> ) CHARSET=ascii ROW_FORMAT=COMPACT;
Query OK, 0 rows affected (0.03 sec)
```

### Compact行格式

一条完整的记录分为**记录的额外信息**和**记录的真实数据**

![COMPACT行格式](http://upyun.zyhwjl.cn/img/2024/04/15/10-18-18-dca0fc2d7b231b2f229fdaca9091d95e-04-01-55976d.png)

#### 记录的额外信息

服务器为了描述这条数据不得不添加的额外信息，这些额外信息有三类数据，分别是**变长字段长度列表、NULL值列表、记录头信息**

##### 变长字段长度列表

Mysql支持一些变长的数据类型，如`VARCHAR(M)`、`VARBINARY(M)`、各种`TEXT`类型、各种`BLOG`类型

在Compact行格式中，把所有变长字段的真实数据占用的字节长度都存放在记录记录的开头部位从而形成一个变长字段长度列表，各变长字段数据占用的字节数按照列的顺序**逆序**存放。

###### 规则

例数据

```
+------+-----+------+------+
| c1   | c2  | c3   | c4   |
+------+-----+------+------+
| aaaa | bbb | cc   | d    |
| eeee | fff | NULL | NULL |
+------+-----+------+------+
```

> 第一行的变长字段长度列表用十六进制表示为010304

由于第一行的字符串都比较短，一个字节就可以表示(255以内，[补充](#补充位、字节、十六进制))，但是如果变长列的内容占用的字节数比较多可能就需要两个字节来表示。具体用一个还是两个字节来表示真实数据占用的字节数，INnoDB有他的规则。

1. 假设某个字符集中表示一个字符最多需要使用的字节数为W
2. 对于可变类型VARCHAR(M)来说，这种类型表示存储最多M个字符，所以这个类型最多占用的字节数就是M*W
3. 假设它实际存储的字符串占用的字节数是L

所以规则就是这样

- 如果M*W<=255，那么使用1个字节来表示真正字符串占用的字节数

  > ```
  >   就是说InnoDB在读记录的变长字段长度列表时先查看表结构，如果某个变长字段允许存储的最大字节数不大于255时，可以认为只使用1个字节来表示真正字符串占用的字节数。
  > ```

- 如果M*W>255，则分为两种情况

  - 如果L<=127，则用1个字节来表示真正字符串占用的字节数

  - 如果L>127，则用2个字节来表示真正字符串占用的字节数

  - 10000000

    > ```
    >     InnoDB在读记录的变长字段长度列表时先查看表结构，如果某个变长字段允许存储的最大字节数大于255时，该怎么区分它正在读的某个字节是一个单独的字段长度还是半个字段长度呢？设计InnoDB的大佬使用该字节的第一个二进制位作为标志位：如果该字节的第一个位为0，那该字节就是一个单独的字段长度（使用一个字节表示不大于127的二进制的第一个位都为0），如果该字节的第一个位为1，那该字节就是半个字段长度。这就是为什么L>127就使用2个字节表示
    >     对于一些占用字节数非常多的字段，比方说某个字段长度大于了16KB，那么如果该记录在单个页面中无法存储时，InnoDB会把一部分数据存放到所谓的溢出页中（我们后边会介绍），在变长字段长度列表处只存储留在本页面中的长度，所以使用两个字节也可以存放下来。
    > ```

总结一下就是说：如果该可变字段允许存储的最大字节数（`M×W`）超过255字节并且真实存储的字节数（`L`）超过127字节，则使用2个字节，否则使用1个字节。

###### NULL值

另外需要注意的一点是，变长字段长度列表中只存储值为 **非NULL** 的列内容占用的长度，值为 ***NULL\*** 的列的长度是不储存的 。也就是说对于第二条记录来说，因为`c4`列的值为`NULL`，所以第二条记录的`变长字段长度列表`只需要存储`c1`和`c2`列的长度即可。其中`c1`列存储的值为`'eeee'`，占用的字节数为`4`，`c2`列存储的值为`'fff'`，占用的字节数为`3`。数字`4`可以用1个字节表示，`3`也可以用1个字节表示，所以整个`变长字段长度列表`共需2个字节。填充完`变长字段长度列表`的两条记录的对比图如下

![填充完`变长字段长度列表`的两条记录的对比图](http://upyun.zyhwjl.cn/img/2024/04/15/16-30-32-13ed64824d43acdca12b988d5dfb84c8-04-03-f9a774.png)

并不是所有记录都有这个变长字段长度列表部分，比方说表中所有的列都不是变长的数据类型的话，这一部分就不需要有。

###### 补充位、字节、十六进制

> 位（Bit）：计算机最小单位，一位可以代表0，也可以代表1。
>
> 字节（Byte）：1个字节=8bit。可以表示的数自然是 0000 0000 -- 1111 1111，0-255。
>
> 二进制：即位的表现方式，0或1。
>
> 那么[16进制](https://so.csdn.net/so/search?q=16进制&spm=1001.2101.3001.7020)占几位、多少字节呢？
>
> 二进制 1111 = 15，16进制的F = 15，所以 一个16进制位 占 4位， 1byte = 8 bit, 所以 1个字节可以代表2 个16进制位，1 个16进制位 0.5 个字节。

##### NULL值列表

表中某些列可能存储NULL值，如果把这些NULL值都放到记录的真实数据中会很占地方，所以Compact行格式把这些值为NULL的列统一管理起来，存储到NULL值列表中

1. 统计表中允许存储NULL值的列有哪些

2. 如果表中没有允许存储NULL的列，则NULL值列表也不存在了。否则将每个允许存储NULL的列对应一个二进制位，二进制位按照列的**逆序**排列，二进制位表示的意义如下

   - 二进制位的值为1时，代表该列的值为NULL

   - 二进制位的值为0时，代表该列的值不为NULL

   - 对于上述表，列和二进制位的对应关系如下

     ![record_format_demo表3值对应关系](http://upyun.zyhwjl.cn/img/2024/04/15/16-45-55-4672ba095f639ce4b0e7dd19e8e6680e-04-04-36b827.png)

3. Mysql规定NULL值列表必须用整数个字节的位表示，如果使用的二进制位个数不是整数个字节，则在字节的高位补0

   ![](http://upyun.zyhwjl.cn/img/2024/04/15/16-47-36-ecc4794618e9aa7984527b37282ba882-16-47-29-ecc4794618e9aa7984527b37282ba882-04-05-04f322-50b182.png)

4. 对于第一条记录来说，`c1`、`c3`、`c4`这3个列的值都不为`NULL`，所以它们对应的二进制位都是`0`，画个图就是这样

   ![](http://upyun.zyhwjl.cn/img/2024/04/15/16-49-47-2235877b5dfce3e2bb36719e13c739b4-16-49-42-2235877b5dfce3e2bb36719e13c739b4-04-06-0fe0d7-75fb8f.png)

   所以第一条记录的`NULL值列表`用十六进制表示就是：`0x00`。

   - 对于第二条记录来说，`c1`、`c3`、`c4`这3个列中`c3`和`c4`的值都为`NULL`，所以这3个列对应的二进制位的情况就是

   ![img](http://upyun.zyhwjl.cn/img/2024/04/15/16-50-38-1420e1eb7bdec8e8c5e03202a25a62a4-04-07-6d3c52.png)

   - 所以第二条记录的`NULL值列表`用十六进制表示就是：`0x06`。

  所以这两条记录在填充了`NULL值列表`后的示意图就是这样

![img](http://upyun.zyhwjl.cn/img/2024/04/15/16-51-09-cbb3040ce4e79285a0b3cd8f034312e4-04-08-a88398.png)

##### 记录头信息

它由5个字节组成，也就是40个二进制位，不同的为代表不同的意思

![img](http://upyun.zyhwjl.cn/img/2024/04/15/16-52-18-2ac44efe099fb63b9081015a57bb281e-04-09-ed358f.png)

这些二进制位代表的详细信息如下表：

| 名称           | 大小（单位：bit） | 描述                                                         |
| -------------- | ----------------- | ------------------------------------------------------------ |
| `预留位1`      | `1`               | 没有使用                                                     |
| `预留位2`      | `1`               | 没有使用                                                     |
| `delete_mask`  | `1`               | 标记该记录是否被删除                                         |
| `min_rec_mask` | `1`               | B+树的每层非叶子节点中的最小记录都会添加该标记               |
| `n_owned`      | `4`               | 表示当前记录拥有的记录数                                     |
| `heap_no`      | `13`              | 表示当前记录在记录堆的位置信息                               |
| `record_type`  | `3`               | 表示当前记录的类型，`0`表示普通记录，`1`表示B+树非叶子节点记录，`2`表示最小记录，`3`表示最大记录 |
| `next_record`  | `16`              | 表示下一条记录的相对位置                                     |

  因为我们并不清楚这些属性详细的用法，所以这里就不分析各个属性值是怎么产生的了，之后我们遇到会详细看的。所以我们现在直接看一下`record_format_demo`中的两条记录的`头信息`分别是什么

![img](http://upyun.zyhwjl.cn/img/2024/04/15/16-53-01-0afdd9bdb1d0128550e9adad92bf52d2-04-10-f99ddf.png)

#### 记录的真实数据

对于上述表来说，记录的真实数据出了我们定义的列和数据外，Mysql会为每个记录添加默认的列也成为隐藏列

| 列名             | 是否必须 | 占用空间 | 描述                   |
| ---------------- | -------- | -------- | ---------------------- |
| `row_id`         | 否       | `6`字节  | 行ID，唯一标识一条记录 |
| `transaction_id` | 是       | `6`字节  | 事务ID                 |
| `roll_pointer`   | 是       | `7`字节  | 回滚指针               |

> 实际上这几个列的真正名称其实是：DB_ROW_ID、DB_TRX_ID、DB_ROLL_PTR

InnoDB对主键的生成策略：优先使用用户定义的主键，如果没有定义则选取一个Unique作为主键。如果都没有则会为表默认添加一个名为row_id的隐藏列作为主键。所以`transaction_id`  和`roll_pointer`  是必须的，而`row_id`  是可选的。

因为表上述表并没有定义主键，所以`MySQL`服务器会为每条记录增加上述的3个列。现在看一下加上`记录的真实数据`的两个记录长什么样吧

![img](http://upyun.zyhwjl.cn/img/2024/04/15/17-25-32-2ff445721b27f01315fa33a2dd6ca2ae-04-11-110575.png)

看这个图的时候我们需要注意几点：

1. 表`record_format_demo`使用的是`ascii`字符集，所以`0x61616161`就表示字符串`'aaaa'`，`0x626262`就表示字符串`'bbb'`，以此类推。
2. 注意第1条记录中`c3`列的值，它是`CHAR(10)`类型的，它实际存储的字符串是：`'cc'`，而`ascii`字符集中的字节表示是`'0x6363'`，虽然表示这个字符串只占用了2个字节，但整个`c3`列仍然占用了10个字节的空间，除真实数据以外的8个字节的统统都用空格字符填充，空格字符在`ascii`字符集的表示就是`0x20`。
3. 注意第2条记录中`c3`和`c4`列的值都为`NULL`，它们被存储在了前面的`NULL值列表`处，在记录的真实数据处就不再冗余存储，从而节省存储空间。

##### CHAR(M)列的存储格式

  `record_format_demo`表的`c1`、`c2`、`c4`列的类型是`VARCHAR(10)`，而`c3`列的类型是`CHAR(10)`，我们说在`Compact`行格式下只会把变长类型的列的长度逆序存到`变长字段长度列表`中，就像这样：

![img](http://upyun.zyhwjl.cn/img/2024/04/16/08-48-18-f895060eaea9ac400ff20692d311d6f6-04-12-1c1620.png)

  但是这只是因为我们的`record_format_demo`表采用的是`ascii`字符集，这个字符集是一个定长字符集，也就是说表示一个字符采用固定的一个字节，如果采用变长的字符集（也就是表示一个字符需要的字节数不确定，比如`gbk`表示一个字符要1~2个字节、`utf8`表示一个字符要1~3个字节等）的话，`c3`列的长度也会被存储到`变长字段长度列表`中，比如我们修改一下`record_format_demo`表的字符集：

```
mysql> ALTER TABLE record_format_demo MODIFY COLUMN c3 CHAR(10) CHARACTER SET utf8;
Query OK, 2 rows affected (0.02 sec)
Records: 2  Duplicates: 0  Warnings: 0Copy to clipboardErrorCopied
```

  修改该列字符集后记录的`变长字段长度列表`也发生了变化，如图：

![img](http://upyun.zyhwjl.cn/img/2024/04/16/08-48-18-cb193045b1fb4b08fd8b260754bb4b11-04-13-8a77e0.png)

  这就意味着：对于 **CHAR(M)** 类型的列来说，当列采用的是定长字符集时，该列占用的字节数不会被加到变长字段长度列表，而如果采用变长字符集时，该列占用的字节数也会被加到变长字段长度列表。

  另外有一点还需要注意，变长字符集的`CHAR(M)`类型的列要求至少占用`M`个字节，而`VARCHAR(M)`却没有这个要求。比方说对于使用`utf8`字符集的`CHAR(10)`的列来说，该列存储的数据字节长度的范围是10～30个字节。即使我们向该列中存储一个空字符串也会占用`10`个字节，这是怕将来更新该列的值的字节长度大于原有值的字节长度而小于10个字节时，可以在该记录处直接更新，而不是在存储空间中重新分配一个新的记录空间，导致原有的记录空间成为所谓的碎片。（这里你感受到设计`Compact`行格式的大佬既想节省存储空间，又不想更新`CHAR(M)`类型的列产生碎片时的纠结心情了吧。）

### Redundant行格式

  其实知道了`Compact`行格式之后，其他的行格式就是依葫芦画瓢了。我们现在要介绍的`Redundant`行格式是`MySQL5.0`之前用的一种行格式，也就是说它已经非常老了，但是本着知识完整性的角度还是要提一下，大家乐呵乐呵的看就好。

  画个图展示一下`Redundant`行格式的全貌：

![img](http://upyun.zyhwjl.cn/img/2024/04/16/08-59-26-0a65c5adff7278f708e7caf2d5f762e6-04-14-0251f9.png)

  现在我们把表`record_format_demo`的行格式修改为`Redundant`：

```
mysql> ALTER TABLE record_format_demo ROW_FORMAT=Redundant;
Query OK, 0 rows affected (0.05 sec)
Records: 0  Duplicates: 0  Warnings: 0Copy to clipboardErrorCopied
```

  为了方便大家理解和节省篇幅，我们直接把表`record_format_demo`在`Redundant`行格式下的两条记录的真实存储数据提供出来，之后我们着重分析两种行格式的不同即可。

![img](http://upyun.zyhwjl.cn/img/2024/04/16/08-59-26-bb1b1276e9f077224c8d355aeb76d77a-04-15-a522a9.png)

  下面我们从各个方面看一下`Redundant`行格式有什么不同的地方：

- 字段长度偏移列表

    注意`Compact`行格式的开头是`变长字段长度列表`，而`Redundant`行格式的开头是`字段长度偏移列表`，与`变长字段长度列表`有两处不同：

  - 没有了变长两个字，意味着`Redundant`行格式会把该条记录中所有列（包括`隐藏列`）的长度信息都按照逆序存储到`字段长度偏移列表`。

  - 多了个偏移两个字，这意味着计算列值长度的方式不像`Compact`行格式那么直观，它是采用两个相邻数值的差值来计算各个列值的长度。

    比如第一条记录的`字段长度偏移列表`就是：

    ```
    25 24 1A 17 13 0C 06Copy to clipboardErrorCopied
    ```

    因为它是逆序排放的，所以按照列的顺序排列就是：

    ```
    06 0C 13 17 1A 24 25Copy to clipboardErrorCopied
    ```

    按照两个相邻数值的差值来计算各个列值的长度的意思就是：

    ```
    第一列(`row_id`)的长度就是 0x06个字节，也就是6个字节。
    第二列(`transaction_id`)的长度就是 (0x0C - 0x06)个字节，也就是6个字节。
    第三列(`roll_pointer`)的长度就是 (0x13 - 0x0C)个字节，也就是7个字节。
    第四列(`c1`)的长度就是 (0x17 - 0x13)个字节，也就是4个字节。
    第五列(`c2`)的长度就是 (0x1A - 0x17)个字节，也就是3个字节。
    第六列(`c3`)的长度就是 (0x24 - 0x1A)个字节，也就是10个字节。
    第七列(`c4`)的长度就是 (0x25 - 0x24)个字节，也就是1个字节。Copy to clipboardErrorCopied
    ```

- 记录头信息

    `Redundant`行格式的记录头信息占用`6`字节，`48`个二进制位，这些二进制位代表的意思如下：

  | 名称                     | 大小（单位：bit） | 描述                                                         |
  | ------------------------ | ----------------- | ------------------------------------------------------------ |
  | `预留位1`                | `1`               | 没有使用                                                     |
  | `预留位2`                | `1`               | 没有使用                                                     |
  | `delete_mask`            | `1`               | 标记该记录是否被删除                                         |
  | `min_rec_mask`           | `1`               | B+树的每层非叶子节点中的最小记录都会添加该标记               |
  | `n_owned`                | `4`               | 表示当前记录拥有的记录数                                     |
  | `heap_no`                | `13`              | 表示当前记录在页面堆的位置信息                               |
  | `n_field`                | `10`              | 表示记录中列的数量                                           |
  | `1byte_offs_flag`        | `1`               | 标记字段长度偏移列表中每个列对应的偏移量是使用1字节还是2字节表示的 |
  | `next_record`            | `16`              | 表示下一条记录的相对位置                                     |
  |                          |                   |                                                              |
  | 第一条记录中的头信息是： |                   |                                                              |

  ```
  00 00 10 0F 00 BCCopy to clipboardErrorCopied
  ```

    根据这六个字节可以计算出各个属性的值，如下：

  ```
  预留位1：0x00
  预留位2：0x00
  delete_mask: 0x00
  min_rec_mask: 0x00
  n_owned: 0x00
  heap_no: 0x02
  n_field: 0x07
  1byte_offs_flag: 0x01
  next_record:0xBCCopy to clipboardErrorCopied
  ```

    与`Compact`行格式的记录头信息对比来看，有两处不同：

  1. Redundant 行格式多了 n_field 和 1byte_offs_flag 这两个属性。
  2. Redundant 行格式没有 record_type 这个属性。

- `1byte_offs_flag`的值是怎么选择的

    `字段长度偏移列表`实质上是存储每个列中的值占用的空间在`记录的真实数据`处结束的位置，还是拿`record_format_demo`第一条记录为例，`0x06`代表第一个列在`记录的真实数据`第6个字节处结束，`0x0C`代表第二个列在`记录的真实数据`第12个字节处结束，`0x13`代表第三个列在`记录的真实数据`第19个字节处结束，等等等等，最后一个列对应的偏移量值为`0x25`，也就意味着最后一个列在`记录的真实数据`第37个字节处结束，也就意味着整条记录的`真实数据`实际上占用`37`个字节。

      我们前面说过每个列对应的偏移量可以占用1个字节或者2个字节来存储，那到底什么时候用1个字节，什么时候用2个字节呢？其实是根据该条`Redundant`行格式`记录的真实数据`占用的总大小来判断的：

  - 当记录的真实数据占用的字节数不大于127（十六进制`0x7F`，二进制`01111111`）时，每个列对应的偏移量占用1个字节。

    ```
    小贴士：如果整个记录的真实数据占用的存储空间都不大于127个字节，那么每个列对应的偏移量值肯定也就不大于127，也就可以使用1个字节来表示喽。Copy to clipboardErrorCopied
    ```

  - 当记录的真实数据占用的字节数大于127，但不大于32767（十六进制`0x7FFF`，二进制`0111111111111111`）时，每个列对应的偏移量占用2个字节。

  - 有没有记录的真实数据大于32767的情况呢？有，不过此时的记录已经存放到了溢出页中，在本页中只保留前`768`个字节和20个字节的溢出页面地址（当然这20个字节中还记录了一些别的信息）。因为`字段长度偏移列表`处只需要记录每个列在本页面中的偏移就好了，所以每个列使用2个字节来存储偏移量就够了。

      大家可以看出来，设计`Redundant`行格式的大佬还是比较简单粗暴的，直接使用整个`记录的真实数据`长度来决定使用1个字节还是2个字节存储列对应的偏移量。只要整条记录的真实数据占用的存储空间大小大于127，即使第一个列的值占用存储空间小于127，那对不起，也需要使用2个字节来表示该列对应的偏移量。简单粗暴，就是这么简单粗暴（所以这种行格式有些过时了～）。

    ```
    小贴士：大家有没有疑惑，一个字节能表示的范围是0～255，为什么在记录的真实数据占用的存储空间大于127时就采用2个字节表示各个列的偏移量呢？稍安勿躁，后边马上揭晓。Copy to clipboardErrorCopied
    ```

      为了在解析记录时知道每个列的偏移量是使用1个字节还是2个字节表示的，设计`Redundant`行格式的大佬特意在`记录头信息`里放置了一个称之为`1byte_offs_flag`的属性：

  - 当它的值为1时，表明使用1个字节存储。

  - 当它的值为0时，表明使用2个字节存储。

- `Redundant`行格式中`NULL`值的处理

    因为`Redundant`行格式并没有`NULL值列表`，所以设计`Redundant`行格式的大佬在`字段长度偏移列表`中的各个列对应的偏移量处做了一些特殊处理 —— 将列对应的偏移量值的第一个比特位作为是否为`NULL`的依据，该比特位也可以被称之为`NULL比特位`。也就是说在解析一条记录的某个列时，首先看一下该列对应的偏移量的`NULL比特位`是不是为`1`，如果为`1`，那么该列的值就是`NULL`，否则不是`NULL`。

      这也就解释了上面介绍为什么只要记录的真实数据大于127（十六进制`0x7F`，二进制`01111111`）时，就采用2个字节来表示一个列对应的偏移量，主要是第一个比特位是所谓的`NULL比特位`，用来标记该列的值是否为`NULL`。

      但是还有一点要注意，对于值为`NULL`的列来说，该列的类型是否为定长类型决定了`NULL`值的实际存储方式，我们接下来分析一下`record_format_demo`表的第二条记录，它对应的`字段长度偏移列表`如下：

  ```
  A4 A4 1A 17 13 0C 06Copy to clipboardErrorCopied
  ```

    按照列的顺序排放就是：

  ```
  06 0C 13 17 1A A4 A4Copy to clipboardErrorCopied
  ```

  我们分情况看一下：

  - 如果存储`NULL`值的字段是定长类型的，比方说`CHAR(M)`数据类型的，则`NULL`值也将占用记录的真实数据部分，并把该字段对应的数据使用`0x00`字节填充。

      如图第二条记录的`c3`列的值是`NULL`，而`c3`列的类型是`CHAR(10)`，占用记录的真实数据部分10字节，所以我们看到在`Redundant`行格式中使用`0x00000000000000000000`来表示`NULL`值。

        另外，`c3`列对应的偏移量为`0xA4`，它对应的二进制实际是：`10100100`，可以看到最高位为`1`，意味着该列的值是`NULL`。将最高位去掉后的值变成了`0100100`，对应的十进制值为`36`，而`c2`列对应的偏移量为`0x1A`，也就是十进制的`26`。`36 - 26 = 10`，也就是说最终`c3`列占用的存储空间为10个字节。

  - 如果该存储`NULL`值的字段是变长数据类型的，则不在`记录的真实数据`处占用任何存储空间。

      比如`record_format_demo`表的`c4`列是`VARCHAR(10)`类型的，`VARCHAR(10)`是一个变长数据类型，`c4`列对应的偏移量为`0xA4`，与`c3`列对应的偏移量相同，这也就意味着它的值也为`NULL`，将`0xA4`的最高位去掉后对应的十进制值也是`36`，`36 - 36 = 0`，也就意味着`c4`列本身不占用任何`记录的实际数据`处的空间。

        除了以上的几点之外，`Redundant`行格式和`Compact`行格式还是大致相同的。

#### [CHAR(M)列的存储格式](https://relph1119.github.io/mysql-learning-notes/#/mysql/04-从一条记录说起-InnoDB记录结构?id=charm列的存储格式-1)

  我们知道`Compact`行格式在`CHAR(M)`类型的列中存储数据的时候还挺麻烦，分变长字符集和定长字符集的情况，而在`Redundant`行格式中十分干脆，不管该列使用的字符集是什么，只要是使用`CHAR(M)`类型，占用的真实数据空间就是该字符集表示一个字符最多需要的字节数和`M`的乘积。比方说使用`utf8`字符集的`CHAR(10)`类型的列占用的真实数据空间始终为`30`个字节，使用`gbk`字符集的`CHAR(10)`类型的列占用的真实数据空间始终为`20`个字节。由此可以看出来，使用`Redundant`行格式的`CHAR(M)`类型的列是不会产生碎片的。

#### 行溢出数据

##### VARCHAR(M)最多能存储的数据

  我们知道对于`VARCHAR(M)`类型的列最多可以占用`65535`个字节。其中的`M`代表该类型最多存储的字符数量，如果我们使用`ascii`字符集的话，一个字符就代表一个字节，我们看看`VARCHAR(65535)`是否可用：

```
mysql> CREATE TABLE varchar_size_demo(
    ->     c VARCHAR(65535)
    -> ) CHARSET=ascii ROW_FORMAT=Compact;
ERROR 1118 (42000): Row size too large. The maximum row size for the used table type, not counting BLOBs, is 65535. This includes storage overhead, check the manual. You have to change some columns to TEXT or BLOBs
mysql>Copy to clipboardErrorCopied
```

  从报错信息里可以看出，`MySQL`对一条记录占用的最大存储空间是有限制的，除了`BLOB`或者`TEXT`类型的列之外，其他所有的列（不包括隐藏列和记录头信息）占用的字节长度加起来不能超过`65535`个字节。所以`MySQL`服务器建议我们把存储类型改为`TEXT`或者`BLOB`的类型。这个`65535`个字节除了列本身的数据之外，还包括一些其他的数据（`storage overhead`），比如说我们为了存储一个`VARCHAR(M)`类型的列，其实需要占用3部分存储空间：

- 真实数据
- 真实数据占用字节的长度
- `NULL`值标识，如果该列有`NOT NULL`属性则可以没有这部分存储空间

  如果该`VARCHAR`类型的列没有`NOT NULL`属性，那最多只能存储`65532`个字节的数据，因为真实数据的长度可能占用2个字节，`NULL`值标识需要占用1个字节：

```
mysql> CREATE TABLE varchar_size_demo(
    ->      c VARCHAR(65532)
    -> ) CHARSET=ascii ROW_FORMAT=Compact;
Query OK, 0 rows affected (0.02 sec)Copy to clipboardErrorCopied
```

  如果`VARCHAR`类型的列有`NOT NULL`属性，那最多只能存储`65533`个字节的数据，因为真实数据的长度可能占用2个字节，不需要`NULL`值标识：

```
mysql> DROP TABLE varchar_size_demo;
Query OK, 0 rows affected (0.01 sec)

mysql> CREATE TABLE varchar_size_demo(
    ->      c VARCHAR(65533) NOT NULL
    -> ) CHARSET=ascii ROW_FORMAT=Compact;
Query OK, 0 rows affected (0.02 sec)Copy to clipboardErrorCopied
```

  如果`VARCHAR(M)`类型的列使用的不是`ascii`字符集，那会怎么样呢？来看一下：

```
mysql> DROP TABLE varchar_size_demo;
Query OK, 0 rows affected (0.00 sec)

mysql> CREATE TABLE varchar_size_demo(
    ->       c VARCHAR(65532)
    -> ) CHARSET=gbk ROW_FORMAT=Compact;
ERROR 1074 (42000): Column length too big for column 'c' (max = 32767); use BLOB or TEXT instead

mysql> CREATE TABLE varchar_size_demo(
    ->       c VARCHAR(65532)
    -> ) CHARSET=utf8 ROW_FORMAT=Compact;
ERROR 1074 (42000): Column length too big for column 'c' (max = 21845); use BLOB or TEXT insteadCopy to clipboardErrorCopied
```

  从执行结果中可以看出，如果`VARCHAR(M)`类型的列使用的不是`ascii`字符集，那`M`的最大取值取决于该字符集表示一个字符最多需要的字节数。在列的值允许为`NULL`的情况下，`gbk`字符集表示一个字符最多需要`2`个字节，那在该字符集下，`M`的最大取值就是`32766`（也就是：65532/2），也就是说最多能存储`32766`个字符；`utf8`字符集表示一个字符最多需要`3`个字节，那在该字符集下，`M`的最大取值就是`21844`，就是说最多能存储`21844`（也就是：65532/3）个字符。

```
小贴士：上述所言在列的值允许为NULL的情况下，gbk字符集下M的最大取值就是32766，utf8字符集下M的最大取值就是21844，这都是在表中只有一个字段的情况下说的，一定要记住一个行中的所有列（不包括隐藏列和记录头信息）占用的字节长度加起来不能超过65535个字节！Copy to clipboardErrorCopied
```

##### 记录中的数据太多产生的溢出

  我们以`ascii`字符集下的`varchar_size_demo`表为例，插入一条记录：

```
mysql> CREATE TABLE varchar_size_demo(
    ->       c VARCHAR(65532)
    -> ) CHARSET=ascii ROW_FORMAT=Compact;
Query OK, 0 rows affected (0.01 sec)

mysql> INSERT INTO varchar_size_demo(c) VALUES(REPEAT('a', 65532));
Query OK, 1 row affected (0.00 sec)Copy to clipboardErrorCopied
```

  其中的`REPEAT('a', 65532)`是一个函数调用，它表示生成一个把字符`'a'`重复`65532`次的字符串。前面说过，`MySQL`中磁盘和内存交互的基本单位是`页`，也就是说`MySQL`是以`页`为基本单位来管理存储空间的，我们的记录都会被分配到某个`页`中存储。而一个页的大小一般是`16KB`，也就是`16384`字节，而一个`VARCHAR(M)`类型的列就最多可以存储`65532`个字节，这样就可能造成一个页存放不了一条记录的尴尬情况。

  在`Compact`和`Reduntant`行格式中，对于占用存储空间非常大的列，在`记录的真实数据`处只会存储该列的一部分数据，把剩余的数据分散存储在几个其他的页中，然后`记录的真实数据`处用20个字节存储指向这些页的地址（当然这20个字节中还包括这些分散在其他页面中的数据的占用的字节数），从而可以找到剩余数据所在的页，如图所示：

![img](http://upyun.zyhwjl.cn/img/2024/04/16/08-59-26-0a65c5adff7278f708e7caf2d5f762e6-04-16-bc8131.png)

  从图中可以看出来，对于`Compact`和`Reduntant`行格式来说，如果某一列中的数据非常多的话，在本记录的真实数据处只会存储该列的前`768`个字节的数据和一个指向其他页的地址，然后把剩下的数据存放到其他页中，这个过程也叫做`行溢出`，存储超出`768`字节的那些页面也被称为`溢出页`。画一个简图就是这样：

![img](http://upyun.zyhwjl.cn/img/2024/04/16/08-59-26-40f8b4a19771c5d6cbf4ac8da35cca47-04-17-b63bd8.png)

  最后需要注意的是，不只是 ***VARCHAR(M)\*** 类型的列，其他的 ***TEXT\***、***BLOB*** 类型的列在存储数据非常多的时候也会发生`行溢出`。

##### 行溢出的临界点

  那发生`行溢出`的临界点是什么呢？也就是说在列存储多少字节的数据时就会发生`行溢出`？

  `MySQL`中规定一个页中至少存放两行记录，至于为什么这么规定我们之后再说，现在看一下这个规定造成的影响。以上面的`varchar_size_demo`表为例，它只有一个列`c`，我们往这个表中插入两条记录，每条记录最少插入多少字节的数据才会`行溢出`的现象呢？这得分析一下页中的空间都是如何利用的。

- 每个页除了存放我们的记录以外，也需要存储一些额外的信息，乱七八糟的额外信息加起来需要`136`个字节的空间（现在只要知道这个数字就好了），其他的空间都可以被用来存储记录。

- 每个记录需要的额外信息是`27`字节。

  这27个字节包括下面这些部分：

  - 2个字节用于存储真实数据的长度
  - 1个字节用于存储列是否是NULL值
  - 5个字节大小的头信息
  - 6个字节的`row_id`列
  - 6个字节的`transaction_id`列
  - 7个字节的`roll_pointer`列

  假设一个列中存储的数据字节数为n，那么发生`行溢出`现象时需要满足这个式子：

```
136 + 2×(27 + n) > 16384Copy to clipboardErrorCopied
```

  求解这个式子得出的解是：`n > 8098`。也就是说如果一个列中存储的数据不大于`8098`个字节，那就不会发生`行溢出`，否则就会发生`行溢出`。不过这个`8098`个字节的结论只是针对只有一个列的`varchar_size_demo`表来说的，如果表中有多个列，那上面的式子和结论都需要改一改了，所以重点就是：你不用关注这个临界点是什么，只要知道如果我们向一个行中存储了很大的数据时，可能发生`行溢出`的现象。

### Dynamic和Compressed行格式

  下面要介绍另外两个行格式，`Dynamic`和`Compressed`行格式，我现在使用的`MySQL`版本是`5.7`，它的默认行格式就是`Dynamic`，这俩行格式和`Compact`行格式挺像，只不过在处理`行溢出`数据时有点儿分歧，它们不会在记录的真实数据处存储字段真实数据的前`768`个字节，而是把所有的字节都存储到其他页面中，只在记录的真实数据处存储其他页面的地址，就像这样：

![img](http://upyun.zyhwjl.cn/img/2024/04/16/08-59-26-0f04b4de61a9c7c22a32484942f36a3f-04-18-31e392.png)

  `Compressed`行格式和`Dynamic`不同的一点是，`Compressed`行格式会采用压缩算法对页面进行压缩，以节省空间。

## 总结

1. 页是`MySQL`中磁盘和内存交互的基本单位，也是`MySQL`是管理存储空间的基本单位。

2. 指定和修改行格式的语法如下：

   ```
   CREATE TABLE 表名 (列的信息) ROW_FORMAT=行格式名称
   
   ALTER TABLE 表名 ROW_FORMAT=行格式名称Copy to clipboardErrorCopied
   ```

3. `InnoDB`目前定义了4种行格式

   - COMPACT行格式

     具体组成如图： ![img](http://upyun.zyhwjl.cn/img/2024/04/16/08-59-26-dca0fc2d7b231b2f229fdaca9091d95e-04-19-1b9c4a.png)

   - Redundant行格式

     具体组成如图： ![img](http://upyun.zyhwjl.cn/img/2024/04/16/08-59-27-a3d3f965daba6861ff77f884b5f808c7-04-20-993469.png)

   - Dynamic和Compressed行格式

       这两种行格式类似于`COMPACT行格式`，只不过在处理行溢出数据时有点儿分歧，它们不会在记录的真实数据处存储字符串的前768个字节，而是把所有的字节都存储到其他页面中，只在记录的真实数据处存储其他页面的地址。

         另外，`Compressed`行格式会采用压缩算法对页面进行压缩。

- 一个页一般是`16KB`，当记录中的数据太多，当前页放不下的时候，会把多余的数据存储到其他页中，这种现象称为`行溢出`。

